2025-12-30 20:47:31,721 INFO app starting application
2025-12-30 20:47:31,721 INFO app starting application
2025-12-30 20:48:11,126 ERROR app TSA verify failed
Traceback (most recent call last):
  File "d:\code\valid-info\app\services\tsa_service.py", line 60, in verify_tsa
    tsr = decoder(tsr_bytes)
          ^^^^^^^^^^^^^^^^^^
  File "D:\code\valid-info\.venv\Lib\site-packages\rfc3161ng\api.py", line 328, in decode_timestamp_response
    tsr, substrate = decoder.decode(response, asn1Spec=rfc3161ng.TimeStampResp())
                     ^^^^^^^^^^^^^^^^^^^^^^^^^^^^^^^^^^^^^^^^^^^^^^^^^^^^^^^^^^^^
  File "D:\code\valid-info\.venv\Lib\site-packages\pyasn1\codec\ber\decoder.py", line 2105, in __call__
    for asn1Object in streamingDecoder:
  File "D:\code\valid-info\.venv\Lib\site-packages\pyasn1\codec\ber\decoder.py", line 1975, in __iter__
    for asn1Object in self._singleItemDecoder(
  File "D:\code\valid-info\.venv\Lib\site-packages\pyasn1\codec\ber\decoder.py", line 1831, in __call__
    for value in concreteDecoder.valueDecoder(
  File "D:\code\valid-info\.venv\Lib\site-packages\pyasn1\codec\ber\decoder.py", line 768, in valueDecoder
    for component in decodeFun(substrate, componentType, **options):
  File "D:\code\valid-info\.venv\Lib\site-packages\pyasn1\codec\ber\decoder.py", line 1879, in __call__
    raise error.PyAsn1Error(
pyasn1.error.PyAsn1Error: <TagSet object, tags 0:0:6> not in asn1Spec: <PKIStatusInfo schema object, tagSet=<TagSet object, tags 0:32:16>, subtypeSpec=<ConstraintsIntersection object>, componentType=<NamedTypes object, types <NamedType object, type status=<PKIStatus schema object, tagSet <TagSet object, tags 0:0:2>, namedValues <NamedValues object, enums granted=0, grantedWithMods=1, re...ning=4, revocationNotification=5>>>, <OptionalNamedType object, type statusString=<PKIFreeText schema object, tagSet=<TagSet object, tags 0:32:16>, subtypeSpec=<ConstraintsIntersection object, consts <ConstraintsIntersection object, consts <ValueSizeConstraint object, consts 1, inf>>>, componentType=<UTF8String schema object, tagSet <TagSet object, tags 0:0:12>, encoding utf-8>, sizeSpec=<ConstraintsIntersection object, consts <ValueSizeConstraint object, consts 1, inf>>>>, <OptionalNamedType object, type failInfo=<PKIFailureInfo schema object, tagSet <TagSet object, tags 0:0:3>, namedValues <NamedValues object, enums badAlg=0, badRequest=2, badDataF...otAvailable=17, systemFailure=25>>>>, sizeSpec=<ConstraintsIntersection object>>
2025-12-30 20:48:11,126 ERROR app TSA verify failed
Traceback (most recent call last):
  File "d:\code\valid-info\app\services\tsa_service.py", line 60, in verify_tsa
    tsr = decoder(tsr_bytes)
          ^^^^^^^^^^^^^^^^^^
  File "D:\code\valid-info\.venv\Lib\site-packages\rfc3161ng\api.py", line 328, in decode_timestamp_response
    tsr, substrate = decoder.decode(response, asn1Spec=rfc3161ng.TimeStampResp())
                     ^^^^^^^^^^^^^^^^^^^^^^^^^^^^^^^^^^^^^^^^^^^^^^^^^^^^^^^^^^^^
  File "D:\code\valid-info\.venv\Lib\site-packages\pyasn1\codec\ber\decoder.py", line 2105, in __call__
    for asn1Object in streamingDecoder:
  File "D:\code\valid-info\.venv\Lib\site-packages\pyasn1\codec\ber\decoder.py", line 1975, in __iter__
    for asn1Object in self._singleItemDecoder(
  File "D:\code\valid-info\.venv\Lib\site-packages\pyasn1\codec\ber\decoder.py", line 1831, in __call__
    for value in concreteDecoder.valueDecoder(
  File "D:\code\valid-info\.venv\Lib\site-packages\pyasn1\codec\ber\decoder.py", line 768, in valueDecoder
    for component in decodeFun(substrate, componentType, **options):
  File "D:\code\valid-info\.venv\Lib\site-packages\pyasn1\codec\ber\decoder.py", line 1879, in __call__
    raise error.PyAsn1Error(
pyasn1.error.PyAsn1Error: <TagSet object, tags 0:0:6> not in asn1Spec: <PKIStatusInfo schema object, tagSet=<TagSet object, tags 0:32:16>, subtypeSpec=<ConstraintsIntersection object>, componentType=<NamedTypes object, types <NamedType object, type status=<PKIStatus schema object, tagSet <TagSet object, tags 0:0:2>, namedValues <NamedValues object, enums granted=0, grantedWithMods=1, re...ning=4, revocationNotification=5>>>, <OptionalNamedType object, type statusString=<PKIFreeText schema object, tagSet=<TagSet object, tags 0:32:16>, subtypeSpec=<ConstraintsIntersection object, consts <ConstraintsIntersection object, consts <ValueSizeConstraint object, consts 1, inf>>>, componentType=<UTF8String schema object, tagSet <TagSet object, tags 0:0:12>, encoding utf-8>, sizeSpec=<ConstraintsIntersection object, consts <ValueSizeConstraint object, consts 1, inf>>>>, <OptionalNamedType object, type failInfo=<PKIFailureInfo schema object, tagSet <TagSet object, tags 0:0:3>, namedValues <NamedValues object, enums badAlg=0, badRequest=2, badDataF...otAvailable=17, systemFailure=25>>>>, sizeSpec=<ConstraintsIntersection object>>
2025-12-30 20:49:49,592 INFO app starting application
2025-12-30 20:49:49,592 INFO app starting application
2025-12-30 20:49:53,055 ERROR app TSA verify failed
Traceback (most recent call last):
  File "d:\code\valid-info\app\services\tsa_service.py", line 78, in _decode_tsa_response
    return decoder(tsr_bytes)
           ^^^^^^^^^^^^^^^^^^
  File "D:\code\valid-info\.venv\Lib\site-packages\rfc3161ng\api.py", line 328, in decode_timestamp_response
    tsr, substrate = decoder.decode(response, asn1Spec=rfc3161ng.TimeStampResp())
                     ^^^^^^^^^^^^^^^^^^^^^^^^^^^^^^^^^^^^^^^^^^^^^^^^^^^^^^^^^^^^
  File "D:\code\valid-info\.venv\Lib\site-packages\pyasn1\codec\ber\decoder.py", line 2105, in __call__
    for asn1Object in streamingDecoder:
  File "D:\code\valid-info\.venv\Lib\site-packages\pyasn1\codec\ber\decoder.py", line 1975, in __iter__
    for asn1Object in self._singleItemDecoder(
  File "D:\code\valid-info\.venv\Lib\site-packages\pyasn1\codec\ber\decoder.py", line 1831, in __call__
    for value in concreteDecoder.valueDecoder(
  File "D:\code\valid-info\.venv\Lib\site-packages\pyasn1\codec\ber\decoder.py", line 768, in valueDecoder
    for component in decodeFun(substrate, componentType, **options):
  File "D:\code\valid-info\.venv\Lib\site-packages\pyasn1\codec\ber\decoder.py", line 1879, in __call__
    raise error.PyAsn1Error(
pyasn1.error.PyAsn1Error: <TagSet object, tags 0:0:6> not in asn1Spec: <PKIStatusInfo schema object, tagSet=<TagSet object, tags 0:32:16>, subtypeSpec=<ConstraintsIntersection object>, componentType=<NamedTypes object, types <NamedType object, type status=<PKIStatus schema object, tagSet <TagSet object, tags 0:0:2>, namedValues <NamedValues object, enums granted=0, grantedWithMods=1, re...ning=4, revocationNotification=5>>>, <OptionalNamedType object, type statusString=<PKIFreeText schema object, tagSet=<TagSet object, tags 0:32:16>, subtypeSpec=<ConstraintsIntersection object, consts <ConstraintsIntersection object, consts <ValueSizeConstraint object, consts 1, inf>>>, componentType=<UTF8String schema object, tagSet <TagSet object, tags 0:0:12>, encoding utf-8>, sizeSpec=<ConstraintsIntersection object, consts <ValueSizeConstraint object, consts 1, inf>>>>, <OptionalNamedType object, type failInfo=<PKIFailureInfo schema object, tagSet <TagSet object, tags 0:0:3>, namedValues <NamedValues object, enums badAlg=0, badRequest=2, badDataF...otAvailable=17, systemFailure=25>>>>, sizeSpec=<ConstraintsIntersection object>>

During handling of the above exception, another exception occurred:

Traceback (most recent call last):
  File "d:\code\valid-info\app\services\tsa_service.py", line 86, in _decode_tsa_response
    return decoder(base64.b64decode(text, validate=True))
                   ^^^^^^^^^^^^^^^^^^^^^^^^^^^^^^^^^^^^^
  File "C:\Users\ZHYCa\AppData\Roaming\uv\python\cpython-3.11.14-windows-x86_64-none\Lib\base64.py", line 88, in b64decode
    return binascii.a2b_base64(s, strict_mode=validate)
           ^^^^^^^^^^^^^^^^^^^^^^^^^^^^^^^^^^^^^^^^^^^^
binascii.Error: Only base64 data is allowed

During handling of the above exception, another exception occurred:

Traceback (most recent call last):
  File "d:\code\valid-info\app\services\tsa_service.py", line 63, in verify_tsa
    tsr = _decode_tsa_response(decoder, tsr_bytes)
          ^^^^^^^^^^^^^^^^^^^^^^^^^^^^^^^^^^^^^^^^
  File "d:\code\valid-info\app\services\tsa_service.py", line 88, in _decode_tsa_response
    return decoder(base64.b64decode(text))
                   ^^^^^^^^^^^^^^^^^^^^^^
  File "C:\Users\ZHYCa\AppData\Roaming\uv\python\cpython-3.11.14-windows-x86_64-none\Lib\base64.py", line 88, in b64decode
    return binascii.a2b_base64(s, strict_mode=validate)
           ^^^^^^^^^^^^^^^^^^^^^^^^^^^^^^^^^^^^^^^^^^^^
binascii.Error: Invalid base64-encoded string: number of data characters (337) cannot be 1 more than a multiple of 4
2025-12-30 20:49:53,055 ERROR app TSA verify failed
Traceback (most recent call last):
  File "d:\code\valid-info\app\services\tsa_service.py", line 78, in _decode_tsa_response
    return decoder(tsr_bytes)
           ^^^^^^^^^^^^^^^^^^
  File "D:\code\valid-info\.venv\Lib\site-packages\rfc3161ng\api.py", line 328, in decode_timestamp_response
    tsr, substrate = decoder.decode(response, asn1Spec=rfc3161ng.TimeStampResp())
                     ^^^^^^^^^^^^^^^^^^^^^^^^^^^^^^^^^^^^^^^^^^^^^^^^^^^^^^^^^^^^
  File "D:\code\valid-info\.venv\Lib\site-packages\pyasn1\codec\ber\decoder.py", line 2105, in __call__
    for asn1Object in streamingDecoder:
  File "D:\code\valid-info\.venv\Lib\site-packages\pyasn1\codec\ber\decoder.py", line 1975, in __iter__
    for asn1Object in self._singleItemDecoder(
  File "D:\code\valid-info\.venv\Lib\site-packages\pyasn1\codec\ber\decoder.py", line 1831, in __call__
    for value in concreteDecoder.valueDecoder(
  File "D:\code\valid-info\.venv\Lib\site-packages\pyasn1\codec\ber\decoder.py", line 768, in valueDecoder
    for component in decodeFun(substrate, componentType, **options):
  File "D:\code\valid-info\.venv\Lib\site-packages\pyasn1\codec\ber\decoder.py", line 1879, in __call__
    raise error.PyAsn1Error(
pyasn1.error.PyAsn1Error: <TagSet object, tags 0:0:6> not in asn1Spec: <PKIStatusInfo schema object, tagSet=<TagSet object, tags 0:32:16>, subtypeSpec=<ConstraintsIntersection object>, componentType=<NamedTypes object, types <NamedType object, type status=<PKIStatus schema object, tagSet <TagSet object, tags 0:0:2>, namedValues <NamedValues object, enums granted=0, grantedWithMods=1, re...ning=4, revocationNotification=5>>>, <OptionalNamedType object, type statusString=<PKIFreeText schema object, tagSet=<TagSet object, tags 0:32:16>, subtypeSpec=<ConstraintsIntersection object, consts <ConstraintsIntersection object, consts <ValueSizeConstraint object, consts 1, inf>>>, componentType=<UTF8String schema object, tagSet <TagSet object, tags 0:0:12>, encoding utf-8>, sizeSpec=<ConstraintsIntersection object, consts <ValueSizeConstraint object, consts 1, inf>>>>, <OptionalNamedType object, type failInfo=<PKIFailureInfo schema object, tagSet <TagSet object, tags 0:0:3>, namedValues <NamedValues object, enums badAlg=0, badRequest=2, badDataF...otAvailable=17, systemFailure=25>>>>, sizeSpec=<ConstraintsIntersection object>>

During handling of the above exception, another exception occurred:

Traceback (most recent call last):
  File "d:\code\valid-info\app\services\tsa_service.py", line 86, in _decode_tsa_response
    return decoder(base64.b64decode(text, validate=True))
                   ^^^^^^^^^^^^^^^^^^^^^^^^^^^^^^^^^^^^^
  File "C:\Users\ZHYCa\AppData\Roaming\uv\python\cpython-3.11.14-windows-x86_64-none\Lib\base64.py", line 88, in b64decode
    return binascii.a2b_base64(s, strict_mode=validate)
           ^^^^^^^^^^^^^^^^^^^^^^^^^^^^^^^^^^^^^^^^^^^^
binascii.Error: Only base64 data is allowed

During handling of the above exception, another exception occurred:

Traceback (most recent call last):
  File "d:\code\valid-info\app\services\tsa_service.py", line 63, in verify_tsa
    tsr = _decode_tsa_response(decoder, tsr_bytes)
          ^^^^^^^^^^^^^^^^^^^^^^^^^^^^^^^^^^^^^^^^
  File "d:\code\valid-info\app\services\tsa_service.py", line 88, in _decode_tsa_response
    return decoder(base64.b64decode(text))
                   ^^^^^^^^^^^^^^^^^^^^^^
  File "C:\Users\ZHYCa\AppData\Roaming\uv\python\cpython-3.11.14-windows-x86_64-none\Lib\base64.py", line 88, in b64decode
    return binascii.a2b_base64(s, strict_mode=validate)
           ^^^^^^^^^^^^^^^^^^^^^^^^^^^^^^^^^^^^^^^^^^^^
binascii.Error: Invalid base64-encoded string: number of data characters (337) cannot be 1 more than a multiple of 4
2025-12-30 20:50:40,975 INFO app starting application
2025-12-30 20:50:40,975 INFO app starting application
2025-12-30 20:50:43,573 ERROR app TSA verify failed
Traceback (most recent call last):
  File "d:\code\valid-info\app\services\tsa_service.py", line 78, in _decode_tsa_response
    return decoder(tsr_bytes)
           ^^^^^^^^^^^^^^^^^^
  File "D:\code\valid-info\.venv\Lib\site-packages\rfc3161ng\api.py", line 328, in decode_timestamp_response
    tsr, substrate = decoder.decode(response, asn1Spec=rfc3161ng.TimeStampResp())
                     ^^^^^^^^^^^^^^^^^^^^^^^^^^^^^^^^^^^^^^^^^^^^^^^^^^^^^^^^^^^^
  File "D:\code\valid-info\.venv\Lib\site-packages\pyasn1\codec\ber\decoder.py", line 2105, in __call__
    for asn1Object in streamingDecoder:
  File "D:\code\valid-info\.venv\Lib\site-packages\pyasn1\codec\ber\decoder.py", line 1975, in __iter__
    for asn1Object in self._singleItemDecoder(
  File "D:\code\valid-info\.venv\Lib\site-packages\pyasn1\codec\ber\decoder.py", line 1831, in __call__
    for value in concreteDecoder.valueDecoder(
  File "D:\code\valid-info\.venv\Lib\site-packages\pyasn1\codec\ber\decoder.py", line 768, in valueDecoder
    for component in decodeFun(substrate, componentType, **options):
  File "D:\code\valid-info\.venv\Lib\site-packages\pyasn1\codec\ber\decoder.py", line 1879, in __call__
    raise error.PyAsn1Error(
pyasn1.error.PyAsn1Error: <TagSet object, tags 0:0:6> not in asn1Spec: <PKIStatusInfo schema object, tagSet=<TagSet object, tags 0:32:16>, subtypeSpec=<ConstraintsIntersection object>, componentType=<NamedTypes object, types <NamedType object, type status=<PKIStatus schema object, tagSet <TagSet object, tags 0:0:2>, namedValues <NamedValues object, enums granted=0, grantedWithMods=1, re...ning=4, revocationNotification=5>>>, <OptionalNamedType object, type statusString=<PKIFreeText schema object, tagSet=<TagSet object, tags 0:32:16>, subtypeSpec=<ConstraintsIntersection object, consts <ConstraintsIntersection object, consts <ValueSizeConstraint object, consts 1, inf>>>, componentType=<UTF8String schema object, tagSet <TagSet object, tags 0:0:12>, encoding utf-8>, sizeSpec=<ConstraintsIntersection object, consts <ValueSizeConstraint object, consts 1, inf>>>>, <OptionalNamedType object, type failInfo=<PKIFailureInfo schema object, tagSet <TagSet object, tags 0:0:3>, namedValues <NamedValues object, enums badAlg=0, badRequest=2, badDataF...otAvailable=17, systemFailure=25>>>>, sizeSpec=<ConstraintsIntersection object>>

During handling of the above exception, another exception occurred:

Traceback (most recent call last):
  File "d:\code\valid-info\app\services\tsa_service.py", line 90, in _decode_tsa_response
    return decoder(base64.b64decode(b64_text, validate=True))
                   ^^^^^^^^^^^^^^^^^^^^^^^^^^^^^^^^^^^^^^^^^
  File "C:\Users\ZHYCa\AppData\Roaming\uv\python\cpython-3.11.14-windows-x86_64-none\Lib\base64.py", line 88, in b64decode
    return binascii.a2b_base64(s, strict_mode=validate)
           ^^^^^^^^^^^^^^^^^^^^^^^^^^^^^^^^^^^^^^^^^^^^
binascii.Error: Only base64 data is allowed

During handling of the above exception, another exception occurred:

Traceback (most recent call last):
  File "d:\code\valid-info\app\services\tsa_service.py", line 63, in verify_tsa
    tsr = _decode_tsa_response(decoder, tsr_bytes)
          ^^^^^^^^^^^^^^^^^^^^^^^^^^^^^^^^^^^^^^^^
  File "d:\code\valid-info\app\services\tsa_service.py", line 92, in _decode_tsa_response
    return decoder(base64.b64decode(b64_text))
                   ^^^^^^^^^^^^^^^^^^^^^^^^^^
  File "C:\Users\ZHYCa\AppData\Roaming\uv\python\cpython-3.11.14-windows-x86_64-none\Lib\base64.py", line 88, in b64decode
    return binascii.a2b_base64(s, strict_mode=validate)
           ^^^^^^^^^^^^^^^^^^^^^^^^^^^^^^^^^^^^^^^^^^^^
binascii.Error: Invalid base64-encoded string: number of data characters (337) cannot be 1 more than a multiple of 4
2025-12-30 20:50:43,573 ERROR app TSA verify failed
Traceback (most recent call last):
  File "d:\code\valid-info\app\services\tsa_service.py", line 78, in _decode_tsa_response
    return decoder(tsr_bytes)
           ^^^^^^^^^^^^^^^^^^
  File "D:\code\valid-info\.venv\Lib\site-packages\rfc3161ng\api.py", line 328, in decode_timestamp_response
    tsr, substrate = decoder.decode(response, asn1Spec=rfc3161ng.TimeStampResp())
                     ^^^^^^^^^^^^^^^^^^^^^^^^^^^^^^^^^^^^^^^^^^^^^^^^^^^^^^^^^^^^
  File "D:\code\valid-info\.venv\Lib\site-packages\pyasn1\codec\ber\decoder.py", line 2105, in __call__
    for asn1Object in streamingDecoder:
  File "D:\code\valid-info\.venv\Lib\site-packages\pyasn1\codec\ber\decoder.py", line 1975, in __iter__
    for asn1Object in self._singleItemDecoder(
  File "D:\code\valid-info\.venv\Lib\site-packages\pyasn1\codec\ber\decoder.py", line 1831, in __call__
    for value in concreteDecoder.valueDecoder(
  File "D:\code\valid-info\.venv\Lib\site-packages\pyasn1\codec\ber\decoder.py", line 768, in valueDecoder
    for component in decodeFun(substrate, componentType, **options):
  File "D:\code\valid-info\.venv\Lib\site-packages\pyasn1\codec\ber\decoder.py", line 1879, in __call__
    raise error.PyAsn1Error(
pyasn1.error.PyAsn1Error: <TagSet object, tags 0:0:6> not in asn1Spec: <PKIStatusInfo schema object, tagSet=<TagSet object, tags 0:32:16>, subtypeSpec=<ConstraintsIntersection object>, componentType=<NamedTypes object, types <NamedType object, type status=<PKIStatus schema object, tagSet <TagSet object, tags 0:0:2>, namedValues <NamedValues object, enums granted=0, grantedWithMods=1, re...ning=4, revocationNotification=5>>>, <OptionalNamedType object, type statusString=<PKIFreeText schema object, tagSet=<TagSet object, tags 0:32:16>, subtypeSpec=<ConstraintsIntersection object, consts <ConstraintsIntersection object, consts <ValueSizeConstraint object, consts 1, inf>>>, componentType=<UTF8String schema object, tagSet <TagSet object, tags 0:0:12>, encoding utf-8>, sizeSpec=<ConstraintsIntersection object, consts <ValueSizeConstraint object, consts 1, inf>>>>, <OptionalNamedType object, type failInfo=<PKIFailureInfo schema object, tagSet <TagSet object, tags 0:0:3>, namedValues <NamedValues object, enums badAlg=0, badRequest=2, badDataF...otAvailable=17, systemFailure=25>>>>, sizeSpec=<ConstraintsIntersection object>>

During handling of the above exception, another exception occurred:

Traceback (most recent call last):
  File "d:\code\valid-info\app\services\tsa_service.py", line 90, in _decode_tsa_response
    return decoder(base64.b64decode(b64_text, validate=True))
                   ^^^^^^^^^^^^^^^^^^^^^^^^^^^^^^^^^^^^^^^^^
  File "C:\Users\ZHYCa\AppData\Roaming\uv\python\cpython-3.11.14-windows-x86_64-none\Lib\base64.py", line 88, in b64decode
    return binascii.a2b_base64(s, strict_mode=validate)
           ^^^^^^^^^^^^^^^^^^^^^^^^^^^^^^^^^^^^^^^^^^^^
binascii.Error: Only base64 data is allowed

During handling of the above exception, another exception occurred:

Traceback (most recent call last):
  File "d:\code\valid-info\app\services\tsa_service.py", line 63, in verify_tsa
    tsr = _decode_tsa_response(decoder, tsr_bytes)
          ^^^^^^^^^^^^^^^^^^^^^^^^^^^^^^^^^^^^^^^^
  File "d:\code\valid-info\app\services\tsa_service.py", line 92, in _decode_tsa_response
    return decoder(base64.b64decode(b64_text))
                   ^^^^^^^^^^^^^^^^^^^^^^^^^^
  File "C:\Users\ZHYCa\AppData\Roaming\uv\python\cpython-3.11.14-windows-x86_64-none\Lib\base64.py", line 88, in b64decode
    return binascii.a2b_base64(s, strict_mode=validate)
           ^^^^^^^^^^^^^^^^^^^^^^^^^^^^^^^^^^^^^^^^^^^^
binascii.Error: Invalid base64-encoded string: number of data characters (337) cannot be 1 more than a multiple of 4
2025-12-30 20:50:57,526 INFO ops evidence deleted hash=96cae35ce8a9b0244178bf28e4966c2ce1b8385723a96a6b838858cdd6ca0a1e keep_files=True
2025-12-30 20:51:02,784 INFO ops evidence processed hash=96cae35ce8a9b0244178bf28e4966c2ce1b8385723a96a6b838858cdd6ca0a1e ots=failed tsa=success
2025-12-30 20:51:16,140 ERROR app TSA verify failed
Traceback (most recent call last):
  File "d:\code\valid-info\app\services\tsa_service.py", line 78, in _decode_tsa_response
    return decoder(tsr_bytes)
           ^^^^^^^^^^^^^^^^^^
  File "D:\code\valid-info\.venv\Lib\site-packages\rfc3161ng\api.py", line 328, in decode_timestamp_response
    tsr, substrate = decoder.decode(response, asn1Spec=rfc3161ng.TimeStampResp())
                     ^^^^^^^^^^^^^^^^^^^^^^^^^^^^^^^^^^^^^^^^^^^^^^^^^^^^^^^^^^^^
  File "D:\code\valid-info\.venv\Lib\site-packages\pyasn1\codec\ber\decoder.py", line 2105, in __call__
    for asn1Object in streamingDecoder:
  File "D:\code\valid-info\.venv\Lib\site-packages\pyasn1\codec\ber\decoder.py", line 1975, in __iter__
    for asn1Object in self._singleItemDecoder(
  File "D:\code\valid-info\.venv\Lib\site-packages\pyasn1\codec\ber\decoder.py", line 1831, in __call__
    for value in concreteDecoder.valueDecoder(
  File "D:\code\valid-info\.venv\Lib\site-packages\pyasn1\codec\ber\decoder.py", line 768, in valueDecoder
    for component in decodeFun(substrate, componentType, **options):
  File "D:\code\valid-info\.venv\Lib\site-packages\pyasn1\codec\ber\decoder.py", line 1879, in __call__
    raise error.PyAsn1Error(
pyasn1.error.PyAsn1Error: <TagSet object, tags 0:0:6> not in asn1Spec: <PKIStatusInfo schema object, tagSet=<TagSet object, tags 0:32:16>, subtypeSpec=<ConstraintsIntersection object>, componentType=<NamedTypes object, types <NamedType object, type status=<PKIStatus schema object, tagSet <TagSet object, tags 0:0:2>, namedValues <NamedValues object, enums granted=0, grantedWithMods=1, re...ning=4, revocationNotification=5>>>, <OptionalNamedType object, type statusString=<PKIFreeText schema object, tagSet=<TagSet object, tags 0:32:16>, subtypeSpec=<ConstraintsIntersection object, consts <ConstraintsIntersection object, consts <ValueSizeConstraint object, consts 1, inf>>>, componentType=<UTF8String schema object, tagSet <TagSet object, tags 0:0:12>, encoding utf-8>, sizeSpec=<ConstraintsIntersection object, consts <ValueSizeConstraint object, consts 1, inf>>>>, <OptionalNamedType object, type failInfo=<PKIFailureInfo schema object, tagSet <TagSet object, tags 0:0:3>, namedValues <NamedValues object, enums badAlg=0, badRequest=2, badDataF...otAvailable=17, systemFailure=25>>>>, sizeSpec=<ConstraintsIntersection object>>

During handling of the above exception, another exception occurred:

Traceback (most recent call last):
  File "d:\code\valid-info\app\services\tsa_service.py", line 90, in _decode_tsa_response
    return decoder(base64.b64decode(b64_text, validate=True))
                   ^^^^^^^^^^^^^^^^^^^^^^^^^^^^^^^^^^^^^^^^^
  File "C:\Users\ZHYCa\AppData\Roaming\uv\python\cpython-3.11.14-windows-x86_64-none\Lib\base64.py", line 88, in b64decode
    return binascii.a2b_base64(s, strict_mode=validate)
           ^^^^^^^^^^^^^^^^^^^^^^^^^^^^^^^^^^^^^^^^^^^^
binascii.Error: Only base64 data is allowed

During handling of the above exception, another exception occurred:

Traceback (most recent call last):
  File "d:\code\valid-info\app\services\tsa_service.py", line 63, in verify_tsa
    tsr = _decode_tsa_response(decoder, tsr_bytes)
          ^^^^^^^^^^^^^^^^^^^^^^^^^^^^^^^^^^^^^^^^
  File "d:\code\valid-info\app\services\tsa_service.py", line 92, in _decode_tsa_response
    return decoder(base64.b64decode(b64_text))
                   ^^^^^^^^^^^^^^^^^^^^^^^^^^
  File "C:\Users\ZHYCa\AppData\Roaming\uv\python\cpython-3.11.14-windows-x86_64-none\Lib\base64.py", line 88, in b64decode
    return binascii.a2b_base64(s, strict_mode=validate)
           ^^^^^^^^^^^^^^^^^^^^^^^^^^^^^^^^^^^^^^^^^^^^
binascii.Error: Invalid base64-encoded string: number of data characters (317) cannot be 1 more than a multiple of 4
2025-12-30 20:51:16,140 ERROR app TSA verify failed
Traceback (most recent call last):
  File "d:\code\valid-info\app\services\tsa_service.py", line 78, in _decode_tsa_response
    return decoder(tsr_bytes)
           ^^^^^^^^^^^^^^^^^^
  File "D:\code\valid-info\.venv\Lib\site-packages\rfc3161ng\api.py", line 328, in decode_timestamp_response
    tsr, substrate = decoder.decode(response, asn1Spec=rfc3161ng.TimeStampResp())
                     ^^^^^^^^^^^^^^^^^^^^^^^^^^^^^^^^^^^^^^^^^^^^^^^^^^^^^^^^^^^^
  File "D:\code\valid-info\.venv\Lib\site-packages\pyasn1\codec\ber\decoder.py", line 2105, in __call__
    for asn1Object in streamingDecoder:
  File "D:\code\valid-info\.venv\Lib\site-packages\pyasn1\codec\ber\decoder.py", line 1975, in __iter__
    for asn1Object in self._singleItemDecoder(
  File "D:\code\valid-info\.venv\Lib\site-packages\pyasn1\codec\ber\decoder.py", line 1831, in __call__
    for value in concreteDecoder.valueDecoder(
  File "D:\code\valid-info\.venv\Lib\site-packages\pyasn1\codec\ber\decoder.py", line 768, in valueDecoder
    for component in decodeFun(substrate, componentType, **options):
  File "D:\code\valid-info\.venv\Lib\site-packages\pyasn1\codec\ber\decoder.py", line 1879, in __call__
    raise error.PyAsn1Error(
pyasn1.error.PyAsn1Error: <TagSet object, tags 0:0:6> not in asn1Spec: <PKIStatusInfo schema object, tagSet=<TagSet object, tags 0:32:16>, subtypeSpec=<ConstraintsIntersection object>, componentType=<NamedTypes object, types <NamedType object, type status=<PKIStatus schema object, tagSet <TagSet object, tags 0:0:2>, namedValues <NamedValues object, enums granted=0, grantedWithMods=1, re...ning=4, revocationNotification=5>>>, <OptionalNamedType object, type statusString=<PKIFreeText schema object, tagSet=<TagSet object, tags 0:32:16>, subtypeSpec=<ConstraintsIntersection object, consts <ConstraintsIntersection object, consts <ValueSizeConstraint object, consts 1, inf>>>, componentType=<UTF8String schema object, tagSet <TagSet object, tags 0:0:12>, encoding utf-8>, sizeSpec=<ConstraintsIntersection object, consts <ValueSizeConstraint object, consts 1, inf>>>>, <OptionalNamedType object, type failInfo=<PKIFailureInfo schema object, tagSet <TagSet object, tags 0:0:3>, namedValues <NamedValues object, enums badAlg=0, badRequest=2, badDataF...otAvailable=17, systemFailure=25>>>>, sizeSpec=<ConstraintsIntersection object>>

During handling of the above exception, another exception occurred:

Traceback (most recent call last):
  File "d:\code\valid-info\app\services\tsa_service.py", line 90, in _decode_tsa_response
    return decoder(base64.b64decode(b64_text, validate=True))
                   ^^^^^^^^^^^^^^^^^^^^^^^^^^^^^^^^^^^^^^^^^
  File "C:\Users\ZHYCa\AppData\Roaming\uv\python\cpython-3.11.14-windows-x86_64-none\Lib\base64.py", line 88, in b64decode
    return binascii.a2b_base64(s, strict_mode=validate)
           ^^^^^^^^^^^^^^^^^^^^^^^^^^^^^^^^^^^^^^^^^^^^
binascii.Error: Only base64 data is allowed

During handling of the above exception, another exception occurred:

Traceback (most recent call last):
  File "d:\code\valid-info\app\services\tsa_service.py", line 63, in verify_tsa
    tsr = _decode_tsa_response(decoder, tsr_bytes)
          ^^^^^^^^^^^^^^^^^^^^^^^^^^^^^^^^^^^^^^^^
  File "d:\code\valid-info\app\services\tsa_service.py", line 92, in _decode_tsa_response
    return decoder(base64.b64decode(b64_text))
                   ^^^^^^^^^^^^^^^^^^^^^^^^^^
  File "C:\Users\ZHYCa\AppData\Roaming\uv\python\cpython-3.11.14-windows-x86_64-none\Lib\base64.py", line 88, in b64decode
    return binascii.a2b_base64(s, strict_mode=validate)
           ^^^^^^^^^^^^^^^^^^^^^^^^^^^^^^^^^^^^^^^^^^^^
binascii.Error: Invalid base64-encoded string: number of data characters (317) cannot be 1 more than a multiple of 4
2025-12-30 20:52:22,112 INFO app starting application
2025-12-30 20:52:22,112 INFO app starting application
2025-12-30 20:52:27,092 INFO ops evidence deleted hash=96cae35ce8a9b0244178bf28e4966c2ce1b8385723a96a6b838858cdd6ca0a1e keep_files=True
2025-12-30 20:52:33,657 INFO ops evidence processed hash=96cae35ce8a9b0244178bf28e4966c2ce1b8385723a96a6b838858cdd6ca0a1e ots=failed tsa=success
2025-12-30 20:52:39,756 ERROR app TSA verify failed
Traceback (most recent call last):
  File "d:\code\valid-info\app\services\tsa_service.py", line 78, in _decode_tsa_response
    return decoder(tsr_bytes)
           ^^^^^^^^^^^^^^^^^^
  File "D:\code\valid-info\.venv\Lib\site-packages\rfc3161ng\api.py", line 328, in decode_timestamp_response
    tsr, substrate = decoder.decode(response, asn1Spec=rfc3161ng.TimeStampResp())
                     ^^^^^^^^^^^^^^^^^^^^^^^^^^^^^^^^^^^^^^^^^^^^^^^^^^^^^^^^^^^^
  File "D:\code\valid-info\.venv\Lib\site-packages\pyasn1\codec\ber\decoder.py", line 2105, in __call__
    for asn1Object in streamingDecoder:
  File "D:\code\valid-info\.venv\Lib\site-packages\pyasn1\codec\ber\decoder.py", line 1975, in __iter__
    for asn1Object in self._singleItemDecoder(
  File "D:\code\valid-info\.venv\Lib\site-packages\pyasn1\codec\ber\decoder.py", line 1831, in __call__
    for value in concreteDecoder.valueDecoder(
  File "D:\code\valid-info\.venv\Lib\site-packages\pyasn1\codec\ber\decoder.py", line 768, in valueDecoder
    for component in decodeFun(substrate, componentType, **options):
  File "D:\code\valid-info\.venv\Lib\site-packages\pyasn1\codec\ber\decoder.py", line 1879, in __call__
    raise error.PyAsn1Error(
pyasn1.error.PyAsn1Error: <TagSet object, tags 0:0:6> not in asn1Spec: <PKIStatusInfo schema object, tagSet=<TagSet object, tags 0:32:16>, subtypeSpec=<ConstraintsIntersection object>, componentType=<NamedTypes object, types <NamedType object, type status=<PKIStatus schema object, tagSet <TagSet object, tags 0:0:2>, namedValues <NamedValues object, enums granted=0, grantedWithMods=1, re...ning=4, revocationNotification=5>>>, <OptionalNamedType object, type statusString=<PKIFreeText schema object, tagSet=<TagSet object, tags 0:32:16>, subtypeSpec=<ConstraintsIntersection object, consts <ConstraintsIntersection object, consts <ValueSizeConstraint object, consts 1, inf>>>, componentType=<UTF8String schema object, tagSet <TagSet object, tags 0:0:12>, encoding utf-8>, sizeSpec=<ConstraintsIntersection object, consts <ValueSizeConstraint object, consts 1, inf>>>>, <OptionalNamedType object, type failInfo=<PKIFailureInfo schema object, tagSet <TagSet object, tags 0:0:3>, namedValues <NamedValues object, enums badAlg=0, badRequest=2, badDataF...otAvailable=17, systemFailure=25>>>>, sizeSpec=<ConstraintsIntersection object>>

During handling of the above exception, another exception occurred:

Traceback (most recent call last):
  File "d:\code\valid-info\app\services\tsa_service.py", line 63, in verify_tsa
    tsr = _decode_tsa_response(decoder, tsr_bytes)
          ^^^^^^^^^^^^^^^^^^^^^^^^^^^^^^^^^^^^^^^^
  File "d:\code\valid-info\app\services\tsa_service.py", line 88, in _decode_tsa_response
    raise ValueError("tsa response is not base64 or ASN.1 data")
ValueError: tsa response is not base64 or ASN.1 data
2025-12-30 20:52:39,756 ERROR app TSA verify failed
Traceback (most recent call last):
  File "d:\code\valid-info\app\services\tsa_service.py", line 78, in _decode_tsa_response
    return decoder(tsr_bytes)
           ^^^^^^^^^^^^^^^^^^
  File "D:\code\valid-info\.venv\Lib\site-packages\rfc3161ng\api.py", line 328, in decode_timestamp_response
    tsr, substrate = decoder.decode(response, asn1Spec=rfc3161ng.TimeStampResp())
                     ^^^^^^^^^^^^^^^^^^^^^^^^^^^^^^^^^^^^^^^^^^^^^^^^^^^^^^^^^^^^
  File "D:\code\valid-info\.venv\Lib\site-packages\pyasn1\codec\ber\decoder.py", line 2105, in __call__
    for asn1Object in streamingDecoder:
  File "D:\code\valid-info\.venv\Lib\site-packages\pyasn1\codec\ber\decoder.py", line 1975, in __iter__
    for asn1Object in self._singleItemDecoder(
  File "D:\code\valid-info\.venv\Lib\site-packages\pyasn1\codec\ber\decoder.py", line 1831, in __call__
    for value in concreteDecoder.valueDecoder(
  File "D:\code\valid-info\.venv\Lib\site-packages\pyasn1\codec\ber\decoder.py", line 768, in valueDecoder
    for component in decodeFun(substrate, componentType, **options):
  File "D:\code\valid-info\.venv\Lib\site-packages\pyasn1\codec\ber\decoder.py", line 1879, in __call__
    raise error.PyAsn1Error(
pyasn1.error.PyAsn1Error: <TagSet object, tags 0:0:6> not in asn1Spec: <PKIStatusInfo schema object, tagSet=<TagSet object, tags 0:32:16>, subtypeSpec=<ConstraintsIntersection object>, componentType=<NamedTypes object, types <NamedType object, type status=<PKIStatus schema object, tagSet <TagSet object, tags 0:0:2>, namedValues <NamedValues object, enums granted=0, grantedWithMods=1, re...ning=4, revocationNotification=5>>>, <OptionalNamedType object, type statusString=<PKIFreeText schema object, tagSet=<TagSet object, tags 0:32:16>, subtypeSpec=<ConstraintsIntersection object, consts <ConstraintsIntersection object, consts <ValueSizeConstraint object, consts 1, inf>>>, componentType=<UTF8String schema object, tagSet <TagSet object, tags 0:0:12>, encoding utf-8>, sizeSpec=<ConstraintsIntersection object, consts <ValueSizeConstraint object, consts 1, inf>>>>, <OptionalNamedType object, type failInfo=<PKIFailureInfo schema object, tagSet <TagSet object, tags 0:0:3>, namedValues <NamedValues object, enums badAlg=0, badRequest=2, badDataF...otAvailable=17, systemFailure=25>>>>, sizeSpec=<ConstraintsIntersection object>>

During handling of the above exception, another exception occurred:

Traceback (most recent call last):
  File "d:\code\valid-info\app\services\tsa_service.py", line 63, in verify_tsa
    tsr = _decode_tsa_response(decoder, tsr_bytes)
          ^^^^^^^^^^^^^^^^^^^^^^^^^^^^^^^^^^^^^^^^
  File "d:\code\valid-info\app\services\tsa_service.py", line 88, in _decode_tsa_response
    raise ValueError("tsa response is not base64 or ASN.1 data")
ValueError: tsa response is not base64 or ASN.1 data
2025-12-30 20:54:42,041 INFO app starting application
2025-12-30 20:54:42,041 INFO app starting application
2025-12-30 20:54:51,254 INFO ops evidence deleted hash=96cae35ce8a9b0244178bf28e4966c2ce1b8385723a96a6b838858cdd6ca0a1e keep_files=True
2025-12-30 20:54:56,587 INFO ops evidence processed hash=96cae35ce8a9b0244178bf28e4966c2ce1b8385723a96a6b838858cdd6ca0a1e ots=failed tsa=failed
2025-12-30 20:55:37,063 INFO app starting application
2025-12-30 20:55:37,063 INFO app starting application
2025-12-30 20:55:47,818 ERROR app TSA stamp failed
urllib3.exceptions.SSLError: [SSL: UNEXPECTED_EOF_WHILE_READING] EOF occurred in violation of protocol (_ssl.c:1016)

The above exception was the direct cause of the following exception:

Traceback (most recent call last):
  File "D:\code\valid-info\.venv\Lib\site-packages\requests\adapters.py", line 644, in send
    resp = conn.urlopen(
           ^^^^^^^^^^^^^
  File "D:\code\valid-info\.venv\Lib\site-packages\urllib3\connectionpool.py", line 841, in urlopen
    retries = retries.increment(
              ^^^^^^^^^^^^^^^^^^
  File "D:\code\valid-info\.venv\Lib\site-packages\urllib3\util\retry.py", line 519, in increment
    raise MaxRetryError(_pool, url, reason) from reason  # type: ignore[arg-type]
    ^^^^^^^^^^^^^^^^^^^^^^^^^^^^^^^^^^^^^^^^^^^^^^^^^^^
urllib3.exceptions.MaxRetryError: HTTPSConnectionPool(host='timestamp.digicert.com', port=443): Max retries exceeded with url: / (Caused by SSLError(SSLEOFError(8, '[SSL: UNEXPECTED_EOF_WHILE_READING] EOF occurred in violation of protocol (_ssl.c:1016)')))

During handling of the above exception, another exception occurred:

Traceback (most recent call last):
  File "D:\code\valid-info\.venv\Lib\site-packages\rfc3161ng\api.py", line 264, in __call__
    response = requests.post(
               ^^^^^^^^^^^^^^
  File "D:\code\valid-info\.venv\Lib\site-packages\requests\api.py", line 115, in post
    return request("post", url, data=data, json=json, **kwargs)
           ^^^^^^^^^^^^^^^^^^^^^^^^^^^^^^^^^^^^^^^^^^^^^^^^^^^^
  File "D:\code\valid-info\.venv\Lib\site-packages\requests\api.py", line 59, in request
    return session.request(method=method, url=url, **kwargs)
           ^^^^^^^^^^^^^^^^^^^^^^^^^^^^^^^^^^^^^^^^^^^^^^^^^
  File "D:\code\valid-info\.venv\Lib\site-packages\requests\sessions.py", line 589, in request
    resp = self.send(prep, **send_kwargs)
           ^^^^^^^^^^^^^^^^^^^^^^^^^^^^^^
  File "D:\code\valid-info\.venv\Lib\site-packages\requests\sessions.py", line 703, in send
    r = adapter.send(request, **kwargs)
        ^^^^^^^^^^^^^^^^^^^^^^^^^^^^^^^
  File "D:\code\valid-info\.venv\Lib\site-packages\requests\adapters.py", line 675, in send
    raise SSLError(e, request=request)
requests.exceptions.SSLError: HTTPSConnectionPool(host='timestamp.digicert.com', port=443): Max retries exceeded with url: / (Caused by SSLError(SSLEOFError(8, '[SSL: UNEXPECTED_EOF_WHILE_READING] EOF occurred in violation of protocol (_ssl.c:1016)')))

During handling of the above exception, another exception occurred:

Traceback (most recent call last):
  File "d:\code\valid-info\app\services\tsa_service.py", line 44, in create_tsa
    response = timestamper(data=digest)
               ^^^^^^^^^^^^^^^^^^^^^^^^
  File "D:\code\valid-info\.venv\Lib\site-packages\rfc3161ng\api.py", line 272, in __call__
    raise TimestampingError('Unable to send the request to %r' % self.url, exc)
rfc3161ng.api.TimestampingError: ("Unable to send the request to 'https://timestamp.digicert.com'", SSLError(MaxRetryError("HTTPSConnectionPool(host='timestamp.digicert.com', port=443): Max retries exceeded with url: / (Caused by SSLError(SSLEOFError(8, '[SSL: UNEXPECTED_EOF_WHILE_READING] EOF occurred in violation of protocol (_ssl.c:1016)')))")))
2025-12-30 20:55:47,818 ERROR app TSA stamp failed
urllib3.exceptions.SSLError: [SSL: UNEXPECTED_EOF_WHILE_READING] EOF occurred in violation of protocol (_ssl.c:1016)

The above exception was the direct cause of the following exception:

Traceback (most recent call last):
  File "D:\code\valid-info\.venv\Lib\site-packages\requests\adapters.py", line 644, in send
    resp = conn.urlopen(
           ^^^^^^^^^^^^^
  File "D:\code\valid-info\.venv\Lib\site-packages\urllib3\connectionpool.py", line 841, in urlopen
    retries = retries.increment(
              ^^^^^^^^^^^^^^^^^^
  File "D:\code\valid-info\.venv\Lib\site-packages\urllib3\util\retry.py", line 519, in increment
    raise MaxRetryError(_pool, url, reason) from reason  # type: ignore[arg-type]
    ^^^^^^^^^^^^^^^^^^^^^^^^^^^^^^^^^^^^^^^^^^^^^^^^^^^
urllib3.exceptions.MaxRetryError: HTTPSConnectionPool(host='timestamp.digicert.com', port=443): Max retries exceeded with url: / (Caused by SSLError(SSLEOFError(8, '[SSL: UNEXPECTED_EOF_WHILE_READING] EOF occurred in violation of protocol (_ssl.c:1016)')))

During handling of the above exception, another exception occurred:

Traceback (most recent call last):
  File "D:\code\valid-info\.venv\Lib\site-packages\rfc3161ng\api.py", line 264, in __call__
    response = requests.post(
               ^^^^^^^^^^^^^^
  File "D:\code\valid-info\.venv\Lib\site-packages\requests\api.py", line 115, in post
    return request("post", url, data=data, json=json, **kwargs)
           ^^^^^^^^^^^^^^^^^^^^^^^^^^^^^^^^^^^^^^^^^^^^^^^^^^^^
  File "D:\code\valid-info\.venv\Lib\site-packages\requests\api.py", line 59, in request
    return session.request(method=method, url=url, **kwargs)
           ^^^^^^^^^^^^^^^^^^^^^^^^^^^^^^^^^^^^^^^^^^^^^^^^^
  File "D:\code\valid-info\.venv\Lib\site-packages\requests\sessions.py", line 589, in request
    resp = self.send(prep, **send_kwargs)
           ^^^^^^^^^^^^^^^^^^^^^^^^^^^^^^
  File "D:\code\valid-info\.venv\Lib\site-packages\requests\sessions.py", line 703, in send
    r = adapter.send(request, **kwargs)
        ^^^^^^^^^^^^^^^^^^^^^^^^^^^^^^^
  File "D:\code\valid-info\.venv\Lib\site-packages\requests\adapters.py", line 675, in send
    raise SSLError(e, request=request)
requests.exceptions.SSLError: HTTPSConnectionPool(host='timestamp.digicert.com', port=443): Max retries exceeded with url: / (Caused by SSLError(SSLEOFError(8, '[SSL: UNEXPECTED_EOF_WHILE_READING] EOF occurred in violation of protocol (_ssl.c:1016)')))

During handling of the above exception, another exception occurred:

Traceback (most recent call last):
  File "d:\code\valid-info\app\services\tsa_service.py", line 44, in create_tsa
    response = timestamper(data=digest)
               ^^^^^^^^^^^^^^^^^^^^^^^^
  File "D:\code\valid-info\.venv\Lib\site-packages\rfc3161ng\api.py", line 272, in __call__
    raise TimestampingError('Unable to send the request to %r' % self.url, exc)
rfc3161ng.api.TimestampingError: ("Unable to send the request to 'https://timestamp.digicert.com'", SSLError(MaxRetryError("HTTPSConnectionPool(host='timestamp.digicert.com', port=443): Max retries exceeded with url: / (Caused by SSLError(SSLEOFError(8, '[SSL: UNEXPECTED_EOF_WHILE_READING] EOF occurred in violation of protocol (_ssl.c:1016)')))")))
2025-12-30 20:55:47,828 INFO ops evidence processed hash=4654d793972c3b6a1d48fb0ab58d9cb0de46c3d33d605f9222c283dfaa12d420 ots=failed tsa=failed
2025-12-30 20:56:45,145 INFO app starting application
2025-12-30 20:56:45,145 INFO app starting application
2025-12-30 20:56:56,180 INFO ops evidence processed hash=cbfad02f9ed2a8d1e08d8f74f5303e9eb93637d47f82ab6f1c15871cf8dd0481 ots=failed tsa=failed
2025-12-30 20:59:03,286 INFO app starting application
2025-12-30 20:59:03,286 INFO app starting application
2025-12-30 20:59:08,259 INFO ops evidence processed hash=3ea87a56da3844b420ec2925ae922bc731ec16a4fc44dcbeafdad49b0e61d39c ots=failed tsa=failed
2025-12-30 21:00:22,521 INFO app starting application
2025-12-30 21:00:22,521 INFO app starting application
2025-12-30 21:00:26,732 INFO ops evidence processed hash=23eca93c271e6ecf8e24f3b0045436cc6bb7456a715c3bfc6d86fd708518de97 ots=failed tsa=failed
2025-12-30 21:01:17,475 INFO app starting application
2025-12-30 21:01:17,475 INFO app starting application
2025-12-30 21:01:24,370 ERROR app TSA stamp failed
Traceback (most recent call last):
  File "D:\code\valid-info\.venv\Lib\site-packages\rfc3161ng\api.py", line 270, in __call__
    response.raise_for_status()
  File "D:\code\valid-info\.venv\Lib\site-packages\requests\models.py", line 1026, in raise_for_status
    raise HTTPError(http_error_msg, response=self)
requests.exceptions.HTTPError: 502 Server Error: Bad Gateway for url: http://tsa.starfieldtech.com/

During handling of the above exception, another exception occurred:

Traceback (most recent call last):
  File "d:\code\valid-info\app\services\tsa_service.py", line 44, in create_tsa
    response = timestamper(data=digest)
               ^^^^^^^^^^^^^^^^^^^^^^^^
  File "D:\code\valid-info\.venv\Lib\site-packages\rfc3161ng\api.py", line 272, in __call__
    raise TimestampingError('Unable to send the request to %r' % self.url, exc)
rfc3161ng.api.TimestampingError: ("Unable to send the request to 'http://tsa.starfieldtech.com'", HTTPError('502 Server Error: Bad Gateway for url: http://tsa.starfieldtech.com/'))
2025-12-30 21:01:24,370 ERROR app TSA stamp failed
Traceback (most recent call last):
  File "D:\code\valid-info\.venv\Lib\site-packages\rfc3161ng\api.py", line 270, in __call__
    response.raise_for_status()
  File "D:\code\valid-info\.venv\Lib\site-packages\requests\models.py", line 1026, in raise_for_status
    raise HTTPError(http_error_msg, response=self)
requests.exceptions.HTTPError: 502 Server Error: Bad Gateway for url: http://tsa.starfieldtech.com/

During handling of the above exception, another exception occurred:

Traceback (most recent call last):
  File "d:\code\valid-info\app\services\tsa_service.py", line 44, in create_tsa
    response = timestamper(data=digest)
               ^^^^^^^^^^^^^^^^^^^^^^^^
  File "D:\code\valid-info\.venv\Lib\site-packages\rfc3161ng\api.py", line 272, in __call__
    raise TimestampingError('Unable to send the request to %r' % self.url, exc)
rfc3161ng.api.TimestampingError: ("Unable to send the request to 'http://tsa.starfieldtech.com'", HTTPError('502 Server Error: Bad Gateway for url: http://tsa.starfieldtech.com/'))
2025-12-30 21:01:24,379 INFO ops evidence processed hash=8d6c5597d25eca212ea6c6cacc0a02e247b8c631343a70147cb81374ff72f414 ots=failed tsa=failed
2025-12-30 21:03:51,365 INFO app starting application
2025-12-30 21:03:51,365 INFO app starting application
2025-12-30 21:03:56,236 INFO ops evidence processed hash=1a70cbfaed4964e42807bae68956754b58ca3f36c01ca466d17295962f86ab6c ots=failed tsa=disabled
2025-12-30 21:06:22,814 INFO app starting application
2025-12-30 21:06:22,814 INFO app starting application
2025-12-30 21:06:29,562 INFO ops evidence processed hash=0a9c64dd18b9ec08588427cb1682eb33edc95161b0e2f0cf8c7beceda6db9dce ots=failed tsa=disabled
2025-12-31 18:51:30,298 INFO app starting application
2025-12-31 18:51:30,298 INFO app starting application
2025-12-31 18:51:48,699 INFO ops evidence processed hash=932f3c1b56257ce8539ac269d7aab42550dacf8818d075f0bdf1990562aae3ef ots=failed tsa=disabled
2025-12-31 18:53:00,117 INFO app starting application
2025-12-31 18:53:00,117 INFO app starting application
2025-12-31 18:53:05,535 INFO ops evidence processed hash=7dfff866c2dbc36cb419cf2a17f46339a049ada653ad437f9dce192d1fd5bba9 ots=failed tsa=disabled
2025-12-31 19:05:15,780 INFO app starting application
2025-12-31 19:05:15,780 INFO app starting application
2025-12-31 19:05:33,172 INFO ops evidence processed hash=698eba0e5bb48c6faf36a5eb873c24a70ece67476303c173b270cdab812557ba ots=success tsa=disabled
2025-12-31 19:10:36,905 INFO app starting application
2025-12-31 19:10:36,905 INFO app starting application
2025-12-31 21:12:13,238 INFO app starting application
2025-12-31 21:12:13,238 INFO app starting application
2025-12-31 21:12:36,084 INFO ops evidence processed hash=a665a45920422f9d417e4867efdc4fb8a04a1f3fff1fa07e998e86f7f7a27ae3 ots=success tsa=disabled
2025-12-31 21:24:50,720 INFO app starting application
2025-12-31 21:24:50,720 INFO app starting application
2025-12-31 21:29:40,327 INFO app starting application
2025-12-31 21:29:40,327 INFO app starting application
2025-12-31 21:29:45,142 ERROR app TSA stamp failed
Traceback (most recent call last):
  File "D:\code\valid-info\.venv\Lib\site-packages\rfc3161ng\api.py", line 270, in __call__
    response.raise_for_status()
  File "D:\code\valid-info\.venv\Lib\site-packages\requests\models.py", line 1026, in raise_for_status
    raise HTTPError(http_error_msg, response=self)
requests.exceptions.HTTPError: 502 Server Error: Bad Gateway for url: http://tsa.starfieldtech.com/

During handling of the above exception, another exception occurred:

Traceback (most recent call last):
  File "d:\code\valid-info\app\services\tsa_service.py", line 44, in create_tsa
    response = timestamper(data=digest)
               ^^^^^^^^^^^^^^^^^^^^^^^^
  File "D:\code\valid-info\.venv\Lib\site-packages\rfc3161ng\api.py", line 272, in __call__
    raise TimestampingError('Unable to send the request to %r' % self.url, exc)
rfc3161ng.api.TimestampingError: ("Unable to send the request to 'http://tsa.starfieldtech.com'", HTTPError('502 Server Error: Bad Gateway for url: http://tsa.starfieldtech.com/'))
2025-12-31 21:29:45,142 ERROR app TSA stamp failed
Traceback (most recent call last):
  File "D:\code\valid-info\.venv\Lib\site-packages\rfc3161ng\api.py", line 270, in __call__
    response.raise_for_status()
  File "D:\code\valid-info\.venv\Lib\site-packages\requests\models.py", line 1026, in raise_for_status
    raise HTTPError(http_error_msg, response=self)
requests.exceptions.HTTPError: 502 Server Error: Bad Gateway for url: http://tsa.starfieldtech.com/

During handling of the above exception, another exception occurred:

Traceback (most recent call last):
  File "d:\code\valid-info\app\services\tsa_service.py", line 44, in create_tsa
    response = timestamper(data=digest)
               ^^^^^^^^^^^^^^^^^^^^^^^^
  File "D:\code\valid-info\.venv\Lib\site-packages\rfc3161ng\api.py", line 272, in __call__
    raise TimestampingError('Unable to send the request to %r' % self.url, exc)
rfc3161ng.api.TimestampingError: ("Unable to send the request to 'http://tsa.starfieldtech.com'", HTTPError('502 Server Error: Bad Gateway for url: http://tsa.starfieldtech.com/'))
2025-12-31 21:29:45,159 INFO ops evidence processed hash=cbfad02f9ed2a8d1e08d8f74f5303e9eb93637d47f82ab6f1c15871cf8dd0481 ots=disabled tsa=failed
2025-12-31 21:32:30,253 INFO app starting application
2025-12-31 21:32:30,253 INFO app starting application
2025-12-31 21:32:35,970 INFO ops evidence processed hash=cbfad02f9ed2a8d1e08d8f74f5303e9eb93637d47f82ab6f1c15871cf8dd0481 ots=disabled tsa=failed
2025-12-31 21:36:17,691 INFO app starting application
2025-12-31 21:36:17,691 INFO app starting application
2025-12-31 21:36:21,313 INFO ops evidence processed hash=cbfad02f9ed2a8d1e08d8f74f5303e9eb93637d47f82ab6f1c15871cf8dd0481 ots=disabled tsa=success
2025-12-31 21:47:32,938 INFO app starting application
2025-12-31 21:47:32,938 INFO app starting application
2025-12-31 21:48:05,543 INFO ops evidence processed hash=65e84be33532fb784c48129675f9eff3a682b27168c0ea744b2cf58ee02337c5 ots=success tsa=disabled
2025-12-31 21:48:13,530 INFO ops evidence processed hash=65e84be33532fb784c48129675f9eff3a682b27168c0ea744b2cf58ee02337c5 ots=success tsa=success
2025-12-31 21:48:25,083 INFO ops evidence processed hash=65e84be33532fb784c48129675f9eff3a682b27168c0ea744b2cf58ee02337c5 ots=success tsa=success
2025-12-31 21:49:00,897 INFO ops evidence deleted hash=96cae35ce8a9b0244178bf28e4966c2ce1b8385723a96a6b838858cdd6ca0a1e keep_files=True
2025-12-31 21:49:02,368 INFO ops evidence deleted hash=4654d793972c3b6a1d48fb0ab58d9cb0de46c3d33d605f9222c283dfaa12d420 keep_files=True
2025-12-31 21:49:03,914 INFO ops evidence deleted hash=cbfad02f9ed2a8d1e08d8f74f5303e9eb93637d47f82ab6f1c15871cf8dd0481 keep_files=True
2025-12-31 21:49:05,476 INFO ops evidence deleted hash=3ea87a56da3844b420ec2925ae922bc731ec16a4fc44dcbeafdad49b0e61d39c keep_files=True
2025-12-31 21:49:07,083 INFO ops evidence deleted hash=23eca93c271e6ecf8e24f3b0045436cc6bb7456a715c3bfc6d86fd708518de97 keep_files=True
2025-12-31 21:49:08,876 INFO ops evidence deleted hash=8d6c5597d25eca212ea6c6cacc0a02e247b8c631343a70147cb81374ff72f414 keep_files=True
2025-12-31 21:49:10,473 INFO ops evidence deleted hash=1a70cbfaed4964e42807bae68956754b58ca3f36c01ca466d17295962f86ab6c keep_files=True
2025-12-31 21:49:11,904 INFO ops evidence deleted hash=0a9c64dd18b9ec08588427cb1682eb33edc95161b0e2f0cf8c7beceda6db9dce keep_files=True
2025-12-31 21:49:13,043 INFO ops evidence deleted hash=932f3c1b56257ce8539ac269d7aab42550dacf8818d075f0bdf1990562aae3ef keep_files=True
2025-12-31 21:49:15,136 INFO ops evidence deleted hash=7dfff866c2dbc36cb419cf2a17f46339a049ada653ad437f9dce192d1fd5bba9 keep_files=True
2025-12-31 21:49:16,226 INFO ops evidence deleted hash=698eba0e5bb48c6faf36a5eb873c24a70ece67476303c173b270cdab812557ba keep_files=True
2025-12-31 21:57:06,432 INFO app starting application
2025-12-31 21:57:06,432 INFO app starting application
2025-12-31 21:57:19,804 INFO ops evidence processed hash=6b51d431df5d7f141cbececcf79edf3dd861c3b4069f0b11661a3eefacbba918 ots=success tsa=disabled
2025-12-31 21:57:22,297 INFO ops evidence processed hash=4654d793972c3b6a1d48fb0ab58d9cb0de46c3d33d605f9222c283dfaa12d420 ots=disabled tsa=success
2025-12-31 22:03:21,843 INFO app starting application
2025-12-31 22:03:21,843 INFO app starting application
2025-12-31 22:07:07,172 INFO app starting application
2025-12-31 22:07:07,172 INFO app starting application
2025-12-31 22:09:34,211 INFO app starting application
2025-12-31 22:09:34,211 INFO app starting application
2025-12-31 22:10:41,700 INFO app starting application
2025-12-31 22:10:41,700 INFO app starting application
2025-12-31 22:12:14,267 INFO app starting application
2025-12-31 22:12:14,267 INFO app starting application
2025-12-31 22:13:40,352 INFO app starting application
2025-12-31 22:13:40,352 INFO app starting application
2025-12-31 22:15:47,544 INFO app starting application
2025-12-31 22:15:47,544 INFO app starting application
2025-12-31 22:19:13,846 INFO app starting application
2025-12-31 22:19:13,846 INFO app starting application
2025-12-31 22:20:05,816 INFO app starting application
2025-12-31 22:20:05,816 INFO app starting application
2025-12-31 22:20:24,180 INFO ops evidence deleted hash=65e84be33532fb784c48129675f9eff3a682b27168c0ea744b2cf58ee02337c5 keep_files=False
2025-12-31 22:20:36,444 INFO ops evidence processed hash=65e84be33532fb784c48129675f9eff3a682b27168c0ea744b2cf58ee02337c5 ots=success tsa=success
2025-12-31 22:20:59,935 INFO ops evidence processed hash=f6ff5adab5180a3d10ffb611f2caddd0a2b0922bde398ad186e946480bec3943 ots=disabled tsa=success
2025-12-31 22:24:42,766 INFO app starting application
2025-12-31 22:24:42,766 INFO app starting application
2025-12-31 22:24:48,805 INFO ops evidence processed hash=4fef4355420472697c29dc9e15179693af05bf244f785d5e78d3c43671051d4d ots=disabled tsa=success
2025-12-31 22:35:53,494 INFO app starting application
2025-12-31 22:35:53,494 INFO app starting application
2025-12-31 22:50:52,156 INFO app starting application
2025-12-31 22:50:52,156 INFO app starting application
2025-12-31 22:51:16,487 INFO ops evidence processed hash=dda0c54ae67ff9bd20ee513b51832bca93a234e5bc5d3ca686fddb089af4b523 ots=success tsa=success
2025-12-31 23:01:18,738 INFO app starting application
2025-12-31 23:01:18,738 INFO app starting application
2025-12-31 23:04:39,730 INFO app starting application
2025-12-31 23:04:39,730 INFO app starting application
2025-12-31 23:07:28,362 INFO app starting application
2025-12-31 23:07:28,362 INFO app starting application
2025-12-31 23:08:12,979 INFO ops evidence processed hash=0479734c95c6271fcfa69fccdc4dd87d3d1b8490cf3f916b907ebd2b88cc4dd3 ots=success tsa=success
2025-12-31 23:38:50,609 INFO app starting application
2025-12-31 23:38:50,609 INFO app starting application
2026-01-01 10:47:13,177 INFO app starting application
2026-01-01 10:47:13,177 INFO app starting application
2026-01-01 10:49:21,428 INFO app starting application
2026-01-01 10:49:21,428 INFO app starting application
2026-01-01 10:58:16,145 INFO app starting application
2026-01-01 10:58:16,145 INFO app starting application
2026-01-01 11:11:52,004 INFO app starting application
2026-01-01 11:11:52,004 INFO app starting application
2026-01-01 11:18:22,896 INFO app starting application
2026-01-01 11:18:22,896 INFO app starting application
2026-01-01 11:30:59,270 INFO app starting application
2026-01-01 11:30:59,270 INFO app starting application
2026-01-01 11:32:51,931 INFO ops evidence processed hash=a515608a28664ce43020812c9752f4342688ed566d6f4b93a8887e72a9fbcc34 ots=success tsa=success
2026-01-01 11:40:34,225 INFO app starting application
2026-01-01 11:40:34,225 INFO app starting application
2026-01-01 12:08:57,650 INFO app starting application
2026-01-01 12:08:57,650 INFO app starting application
2026-01-01 13:27:20,041 INFO app starting application
2026-01-01 13:27:20,041 INFO app starting application
2026-01-01 13:39:56,278 INFO app starting application
2026-01-01 13:39:56,278 INFO app starting application
2026-01-01 13:45:34,143 INFO app starting application
2026-01-01 13:45:34,143 INFO app starting application
2026-01-01 13:48:57,865 INFO app starting application
2026-01-01 13:48:57,865 INFO app starting application
2026-01-01 13:51:48,408 INFO app starting application
2026-01-01 13:51:48,408 INFO app starting application
2026-01-01 13:54:04,891 INFO app starting application
2026-01-01 13:54:04,891 INFO app starting application
2026-01-01 14:13:52,222 INFO app starting application
2026-01-01 14:13:52,222 INFO app starting application
2026-01-01 14:17:43,547 INFO app starting application
2026-01-01 14:17:43,547 INFO app starting application
2026-01-01 14:19:05,236 INFO app starting application
2026-01-01 14:19:05,236 INFO app starting application
2026-01-01 14:19:20,823 INFO app starting application
2026-01-01 14:19:20,823 INFO app starting application
2026-01-01 14:21:03,165 INFO app starting application
2026-01-01 14:21:03,165 INFO app starting application
2026-01-01 14:22:01,487 INFO app starting application
2026-01-01 14:22:01,487 INFO app starting application
2026-01-01 14:28:16,636 INFO app starting application
2026-01-01 14:28:16,636 INFO app starting application
2026-01-01 15:12:54,356 INFO app starting application
2026-01-01 15:12:54,356 INFO app starting application
2026-01-01 15:18:20,423 INFO app starting application
2026-01-01 15:18:20,423 INFO app starting application
2026-01-01 15:20:18,458 INFO app starting application
2026-01-01 15:20:18,458 INFO app starting application
2026-01-01 15:21:00,025 INFO app starting application
2026-01-01 15:21:00,025 INFO app starting application
2026-01-01 15:21:20,042 INFO app starting application
2026-01-01 15:21:20,042 INFO app starting application
2026-01-01 15:21:32,412 INFO app starting application
2026-01-01 15:21:32,412 INFO app starting application
